
> test
> node --test tests/*.test.js

TAP version 13
# Subtest: architecture builds positive meshes at opening boundaries and matches all door directions
ok 1 - architecture builds positive meshes at opening boundaries and matches all door directions
  ---
  duration_ms: 33.772416
  type: 'test'
  ...
# Subtest: house-prefixed window IDs retain horizontal/vertical pane orientation
ok 2 - house-prefixed window IDs retain horizontal/vertical pane orientation
  ---
  duration_ms: 1.62875
  type: 'test'
  ...
# Subtest: custom wall heights create exact pony wall meshes and respect the cut height
ok 3 - custom wall heights create exact pony wall meshes and respect the cut height
  ---
  duration_ms: 3.31375
  type: 'test'
  ...
# Subtest: partial shared-wall passage has an actual connecting floor and no wall collider in either axis
ok 4 - partial shared-wall passage has an actual connecting floor and no wall collider in either axis
  ---
  duration_ms: 1.878584
  type: 'test'
  ...
# Subtest: audit Bottom door conflicts, displacement and all hinge/swing axes including rotations
ok 5 - audit Bottom door conflicts, displacement and all hinge/swing axes including rotations
  ---
  duration_ms: 2.513584
  type: 'test'
  ...
# Subtest: 40x30ft room including wall height fits wide and narrow viewports
ok 6 - 40x30ft room including wall height fits wide and narrow viewports
  ---
  duration_ms: 1.3325
  type: 'test'
  ...
# Subtest: three adjacent rooms share walls, cut both sides of an opening, and round trip
ok 7 - three adjacent rooms share walls, cut both sides of an opening, and round trip
  ---
  duration_ms: 7.20475
  type: 'test'
  ...
# Subtest: open adjacent zones form an L without phantom partitions and preserve asymmetric exterior walls
ok 8 - open adjacent zones form an L without phantom partitions and preserve asymmetric exterior walls
  ---
  duration_ms: 1.457042
  type: 'test'
  ...
# Subtest: 4.5 inch shared wall cuts both sides, invalid side widths are rejected atomically
ok 9 - 4.5 inch shared wall cuts both sides, invalid side widths are rejected atomically
  ---
  duration_ms: 0.57775
  type: 'test'
  ...
# Subtest: a shared wall opening cuts the entire thicker neighbor side
ok 10 - a shared wall opening cuts the entire thicker neighbor side
  ---
  duration_ms: 0.793916
  type: 'test'
  ...
# Subtest: partial walls keep only their specified intervals, allow internal openings, and round trip
ok 11 - partial walls keep only their specified intervals, allow internal openings, and round trip
  ---
  duration_ms: 0.893459
  type: 'test'
  ...
# Subtest: a shared partial partition needs both sides open and keeps one disjoint wall union
ok 12 - a shared partial partition needs both sides open and keeps one disjoint wall union
  ---
  duration_ms: 0.387042
  type: 'test'
  ...
# Subtest: pony wall heights and taller shared overlaps are independent of room order
ok 13 - pony wall heights and taller shared overlaps are independent of room order
  ---
  duration_ms: 1.957958
  type: 'test'
  ...
# Subtest: disposing a component removes listeners and pending work before remount
ok 14 - disposing a component removes listeners and pending work before remount
  ---
  duration_ms: 0.775125
  type: 'test'
  ...
# Subtest: physical print dimensions respect scale and reject cropped pages
ok 15 - physical print dimensions respect scale and reject cropped pages
  ---
  duration_ms: 0.623791
  type: 'test'
  ...
# Subtest: export names distinguish project, layout, date and representation with safe characters
ok 16 - export names distinguish project, layout, date and representation with safe characters
  ---
  duration_ms: 0.813958
  type: 'test'
  ...
# Subtest: complete sample round trip retains all geometry, settings and furniture
ok 17 - complete sample round trip retains all geometry, settings and furniture
  ---
  duration_ms: 2.346166
  type: 'test'
  ...
# Subtest: edited geometry, decimal units and furniture are independent of template
ok 18 - edited geometry, decimal units and furniture are independent of template
  ---
  duration_ms: 1.144083
  type: 'test'
  ...
# Subtest: legacy import requires explicit template confirmation
ok 19 - legacy import requires explicit template confirmation
  ---
  duration_ms: 1.023541
  type: 'test'
  ...
# Subtest: legacy foreign rooms cannot silently acquire the sample geometry
ok 20 - legacy foreign rooms cannot silently acquire the sample geometry
  ---
  duration_ms: 0.2355
  type: 'test'
  ...
# Subtest: bad JSON, future versions and unknown formats are distinguished
ok 21 - bad JSON, future versions and unknown formats are distinguished
  ---
  duration_ms: 0.322792
  type: 'test'
  ...
# Subtest: reject broken references, invalid dimensions and unsafe render attributes
ok 22 - reject broken references, invalid dimensions and unsafe render attributes
  ---
  duration_ms: 2.915584
  type: 'test'
  ...
# Subtest: standalone custom project fixture validates and does not depend on sample rooms
ok 23 - standalone custom project fixture validates and does not depend on sample rooms
  ---
  duration_ms: 0.542792
  type: 'test'
  ...
# Subtest: legacy edits to removable external/low walls remain importable
ok 24 - legacy edits to removable external/low walls remain importable
  ---
  duration_ms: 0.574375
  type: 'test'
  ...
# Subtest: file rejection and legacy cancellation leave memory and saved data unchanged
ok 25 - file rejection and legacy cancellation leave memory and saved data unchanged
  ---
  duration_ms: 3.767625
  type: 'test'
  ...
# Subtest: legacy backup happens before replacement and failed backup prevents replacement
ok 26 - legacy backup happens before replacement and failed backup prevents replacement
  ---
  duration_ms: 0.824292
  type: 'test'
  ...
# Subtest: unreadable storage is backed up before overwrite, and legacy key is untouched
ok 27 - unreadable storage is backed up before overwrite, and legacy key is untouched
  ---
  duration_ms: 0.955208
  type: 'test'
  ...
# Subtest: backup failure blocks overwrite; quota failure is returned without false success
ok 28 - backup failure blocks overwrite; quota failure is returned without false success
  ---
  duration_ms: 1.2695
  type: 'test'
  ...
# Subtest: existing recovery keys are not overwritten and serialization preserves decimals
ok 29 - existing recovery keys are not overwritten and serialization preserves decimals
  ---
  duration_ms: 1.254542
  type: 'test'
  ...
# Subtest: mutation notifies once with the current project; unchanged operations do not commit
ok 30 - mutation notifies once with the current project; unchanged operations do not commit
  ---
  duration_ms: 2.035
  type: 'test'
  ...
# Subtest: drag previews have one history entry, cancellation restores without committing
ok 31 - drag previews have one history entry, cancellation restores without committing
  ---
  duration_ms: 1.503125
  type: 'test'
  ...
# Subtest: import undo/redo restores complete geometry and new edits clear redo
ok 32 - import undo/redo restores complete geometry and new edits clear redo
  ---
  duration_ms: 1.153208
  type: 'test'
  ...
# Subtest: subscriptions can be removed; failed mutations roll back; render reads do not alter timestamps
ok 33 - subscriptions can be removed; failed mutations roll back; render reads do not alter timestamps
  ---
  duration_ms: 0.933958
  type: 'test'
  ...
# Subtest: stored 3D mode survives pending engine initialization and layer changes
ok 34 - stored 3D mode survives pending engine initialization and layer changes
  ---
  duration_ms: 0.434792
  type: 'test'
  ...
# Subtest: reference calibration anchors the first point and round-trips exact scale
ok 35 - reference calibration anchors the first point and round-trips exact scale
  ---
  duration_ms: 3.026958
  type: 'test'
  ...
# Subtest: rectangle geometry keeps net area, decimal dimensions and non-overlapping wall corners
ok 36 - rectangle geometry keeps net area, decimal dimensions and non-overlapping wall corners
  ---
  duration_ms: 2.74325
  type: 'test'
  ...
# Subtest: all sixteen door wall/hinge/swing combinations produce matching hinge and perpendicular directions
ok 37 - all sixteen door wall/hinge/swing combinations produce matching hinge and perpendicular directions
  ---
  duration_ms: 3.970709
  type: 'test'
  ...
# Subtest: multiple apertures split stable wall intervals without filling door/window holes
ok 38 - multiple apertures split stable wall intervals without filling door/window holes
  ---
  duration_ms: 0.266875
  type: 'test'
  ...
# Subtest: invalid parameters, unsafe IDs, wrong fields, overlaps, shrink and height changes are rejected atomically
ok 39 - invalid parameters, unsafe IDs, wrong fields, overlaps, shrink and height changes are rejected atomically
  ---
  duration_ms: 1.384917
  type: 'test'
  ...
# Subtest: v2 validates generated snapshots and project-wide opening IDs; decimal tolerance is bounded
ok 40 - v2 validates generated snapshots and project-wide opening IDs; decimal tolerance is bounded
  ---
  duration_ms: 1.105542
  type: 'test'
  ...
# Subtest: v1 independent room migration retains IDs, decimals, timestamps, wall references and preferences
ok 41 - v1 independent room migration retains IDs, decimals, timestamps, wall references and preferences
  ---
  duration_ms: 0.495375
  type: 'test'
  ...
# Subtest: storage respects strict v2/v1/legacy priority and preserves source keys on migration and failure
ok 42 - storage respects strict v2/v1/legacy priority and preserves source keys on migration and failure
  ---
  duration_ms: 0.442
  type: 'test'
  ...
# Subtest: save rejects mismatched rectangle before writing or recovery backup
ok 43 - save rejects mismatched rectangle before writing or recovery backup
  ---
  duration_ms: 0.247959
  type: 'test'
  ...
# Subtest: room changes and opening transactions preserve furniture, measurements, IDs and complete undo/redo state
ok 44 - room changes and opening transactions preserve furniture, measurements, IDs and complete undo/redo state
  ---
  duration_ms: 0.75
  type: 'test'
  ...
# Subtest: checked-in v2 rectangle fixture round-trips and remains structurally editable
ok 45 - checked-in v2 rectangle fixture round-trips and remains structurally editable
  ---
  duration_ms: 0.543959
  type: 'test'
  ...
# Subtest: decimal millimetre arithmetic accepts a mathematically exact 1 mm gap without rounding input
ok 46 - decimal millimetre arithmetic accepts a mathematically exact 1 mm gap without rounding input
  ---
  duration_ms: 0.199292
  type: 'test'
  ...
# Subtest: strict imperial and explicit metric parsing matrix
ok 47 - strict imperial and explicit metric parsing matrix
  ---
  duration_ms: 0.945
  type: 'test'
  ...
# Subtest: parser rejects complete invalid strings rather than prefixes
ok 48 - parser rejects complete invalid strings rather than prefixes
  ---
  duration_ms: 0.141542
  type: 'test'
  ...
# Subtest: display rounding, carry, reduced fractions, tiny lengths, area and negative zero
ok 49 - display rounding, carry, reduced fractions, tiny lengths, area and negative zero
  ---
  duration_ms: 0.107667
  type: 'test'
  ...
# Subtest: editing precision and untouched float preservation across 10000 deterministic values
ok 50 - editing precision and untouched float preservation across 10000 deterministic values
  ---
  duration_ms: 19.743833
  type: 'test'
  ...
# Subtest: unit transactions preserve geometry, support no-op and ordered undo/redo and v2 validation
ok 51 - unit transactions preserve geometry, support no-op and ordered undo/redo and v2 validation
  ---
  duration_ms: 3.461834
  type: 'test'
  ...
# Subtest: steps and exact wall snap preserve physical priority in both modes
ok 52 - steps and exact wall snap preserve physical priority in both modes
  ---
  duration_ms: 0.2035
  type: 'test'
  ...
# Subtest: v1 and legacy unit compatibility retains imperial and defaults absent legacy units
ok 53 - v1 and legacy unit compatibility retains imperial and defaults absent legacy units
  ---
  duration_ms: 1.821459
  type: 'test'
  ...
1..53
# tests 53
# suites 0
# pass 53
# fail 0
# cancelled 0
# skipped 0
# todo 0
# duration_ms 90.04375
