PASS jacobsen: explicit four purposes, opposite bed sides, exact dimensions and 2D conflicts
PASS jacobsen: zone locator selects its owner and centers the 2D envelope
PASS jacobsen: move, 45 degree rotation, both dimensions and undo/redo update anchors
PASS jacobsen: invalid size blocked and unit switching preserves millimetre precision
PASS jacobsen: duplicated zones edit independently; zone/item deletion and restoration update results
node:internal/modules/run_main:123
    triggerUncaughtException(
    ^

locator.selectOption: Timeout 20000ms exceeded.
Call log:
[2m  - waiting for locator('#exportView')[22m
[2m    - locator resolved to <select id="exportView">…</select>[22m
[2m  - attempting select option action[22m
[2m    2 × waiting for element to be visible and enabled[22m
[2m      - element is not visible[22m
[2m    - retrying select option action[22m
[2m    - waiting 20ms[22m
[2m    2 × waiting for element to be visible and enabled[22m
[2m      - element is not visible[22m
[2m    - retrying select option action[22m
[2m      - waiting 100ms[22m
[2m    40 × waiting for element to be visible and enabled[22m
[2m       - element is not visible[22m
[2m     - retrying select option action[22m
[2m       - waiting 500ms[22m

    at /Users/chris/Documents/项目/AI家装/floorplan-3d/tests/browser-t06-use-zones.mjs:43:225 {
  log: [
    "  - waiting for locator('#exportView')",
    '    - locator resolved to <select id="exportView">…</select>',
    '  - attempting select option action',
    '    2 × waiting for element to be visible and enabled',
    '      - element is not visible',
    '    - retrying select option action',
    '    - waiting 20ms',
    '    2 × waiting for element to be visible and enabled',
    '      - element is not visible',
    '    - retrying select option action',
    '      - waiting 100ms',
    '    40 × waiting for element to be visible and enabled',
    '       - element is not visible',
    '     - retrying select option action',
    '       - waiting 500ms'
  ],
  name: 'TimeoutError'
}

Node.js v22.22.3
