READY 0 78
READY 1 103
READY 2 426
READY 3 73
READY 4 46
READY 5 51
READY 6 219
READY 7 479
READY 8 567
READY 9 153
READY 10 35
READY 11 477
READY 12 126
READY 13 43
READY 14 39
READY 15 43
READY 16 42
READY 17 55
READY 18 116
READY 19 104
READY 20 39
READY 21 40
READY 22 37
READY 23 40
READY 24 38
READY 25 48
READY 26 70
READY 27 38
READY 28 48
READY 29 61
READY 30 40
READY 31 42
READY 32 57
READY 33 187
READY 34 38
READY 35 132
READY 36 45
READY 37 143
READY 38 85
READY 39 56
READY 40 108
READY 41 68
READY 42 84
READY 43 83
READY 44 41
READY 45 38
READY 46 42
READY 47 41
READY 48 142
READY 49 76
READY 50 77
READY 51 43
READY 52 100
READY 53 108
READY 54 46
READY 55 56
READY 56 59
READY 57 40
READY 58 89
READY 59 80
READY 60 76
READY 61 43
READY 62 40
READY 63 49
READY 64 115
READY 65 56
READY 66 91
READY 67 39
READY 68 83
READY 69 42
READY 70 93
READY 71 65
READY 72 83
READY 73 41
READY 74 92
READY 75 56
READY 76 128
READY 77 59
READY 78 49
READY 79 115
READY 80 41
READY 81 115
READY 82 54
READY 83 85
READY 84 65
READY 85 52
READY 86 40
READY 87 98
READY 88 43
READY 89 114
READY 90 43
READY 91 67
READY 92 58
READY 93 51
READY 94 46
READY 95 71
READY 96 100
READY 97 65
READY 98 70
READY 99 70
