PASS jacobsen: explicit four purposes, opposite bed sides, exact dimensions and 2D conflicts
PASS jacobsen: zone locator selects its owner and centers the 2D envelope
PASS jacobsen: move, 45 degree rotation, both dimensions and undo/redo update anchors
PASS jacobsen: invalid size blocked and unit switching preserves millimetre precision
PASS jacobsen: duplicated zones edit independently; zone/item deletion and restoration update results
PASS jacobsen: refresh, JSON roundtrip, overlay visibility and actual PNG/PDF exports
PASS jacobsen: sustained native keyboard walk stays on free floor and stops on release
PASS cmu: explicit four purposes, opposite bed sides, exact dimensions and 2D conflicts
PASS cmu: zone locator selects its owner and centers the 2D envelope
PASS cmu: move, 45 degree rotation, both dimensions and undo/redo update anchors
PASS cmu: invalid size blocked and unit switching preserves millimetre precision
PASS cmu: duplicated zones edit independently; zone/item deletion and restoration update results
PASS cmu: refresh, JSON roundtrip, overlay visibility and actual PNG/PDF exports
PASS cmu: sustained native keyboard walk stays on free floor and stops on release
PASS plan-f: explicit four purposes, opposite bed sides, exact dimensions and 2D conflicts
PASS plan-f: zone locator selects its owner and centers the 2D envelope
PASS plan-f: move, 45 degree rotation, both dimensions and undo/redo update anchors
PASS plan-f: invalid size blocked and unit switching preserves millimetre precision
PASS plan-f: duplicated zones edit independently; zone/item deletion and restoration update results
PASS plan-f: refresh, JSON roundtrip, overlay visibility and actual PNG/PDF exports
PASS plan-f: sustained native keyboard walk stays on free floor and stops on release
PASS known blocker: move, walkable assumption, delete and undo distinguish clear/conflict without name inference
PASS 390px controls, text wrapping and 2D locator
PASS jacobsen-kitchen: same production envelope logic on actual diagonal geometry
PASS mirrored-entry: same production envelope logic on actual diagonal geometry
PASS compact-bedroom: same production envelope logic on actual diagonal geometry
PASS shared-kitchen-bath: same production envelope logic on actual diagonal geometry
