PASS source A1 PDF rendered and calibrated using dimensioned exterior corners
ROOM Dining
ROOM Kitchen
ROOM Bath
ROOM Bedroom 1
ROOM Bedroom 1 closet
ROOM Bedroom 2 closet
ROOM Laundry
ROOM Bedroom 2
ROOM Entry
ROOM Hall
ROOM Living
PASS every source room, closet, laundry and circulation zone created through room forms
OPENING entry-door
OPENING living-exit
OPENING bath-door
OPENING bed1-door
OPENING bed2-door
OPENING closet1-door
OPENING closet2-door
OPENING laundry-door
OPENING dining-top
OPENING dining-left
OPENING kitchen-top
OPENING bath-top
OPENING bed1-top
OPENING bed2-top
OPENING bed2-bottom
OPENING hall-bottom1
OPENING hall-bottom2
OPENING living-left
OPENING living-bottom1
OPENING living-bottom2
PASS all scheduled swing/sliding/bifold doors and windows created through opening forms
PASS independent source outline, net areas, full opening inventory and walkable connection of every space passed
PASS door mode edit, passage symbol, conditional fields and exact undo/redo passed
PASS actual JSON download, refresh and import preserve full geometry, fixtures and calibrated reference
PASS full house WebGL and 3D PNG export passed
PASS real print-preview page and PDF generated with net and footprint area
PASS 390px mobile opening controls reachable without dialog overflow
