{
  "date": "2026-10-01T15:09:15.262Z",
  "browser": "149.0.7827.55",
  "url": "http://127.0.0.1:8091",
  "checks": [
    "real v2 fixture upload: 1 room, 3 furniture, 1 door, 1 window",
    "furniture field edit and undo/redo restore exact furniture values",
    "sidebar hide/show retains data and furniture hit after resize",
    "door/window dialogs and cancel new-plan replacement preserve data",
    "unit round trip preserves exact model values",
    "actual JSON download and refresh preserve data",
    "3D real WebGL, wall cut and return to 2D preserve model"
  ],
  "errors": [],
  "screens": [
    "sample-zh-1440.png",
    "room-empty-selection-1440.png",
    "room-properties-1440.png",
    "furniture-selected-1440.png",
    "door-dialog-1440.png",
    "window-dialog-1440.png",
    "new-plan-replace-dialog-1440.png",
    "file-menu-1440.png",
    "room-1280.png",
    "drawer-1024.png",
    "room-3d-1440.png",
    "room-3d-cut-walls-1440.png",
    "draft-refresh-existing-gap.png"
  ],
  "observations": [
    {
      "viewport": {
        "width": 1440,
        "height": 900
      },
      "header": {
        "x": 0,
        "y": 0,
        "width": 1440,
        "height": 64
      },
      "stage": {
        "x": 280,
        "y": 124,
        "width": 856,
        "height": 746
      },
      "left": {
        "x": 0,
        "y": 124,
        "width": 280,
        "height": 746
      },
      "right": {
        "x": 1136,
        "y": 124,
        "width": 304,
        "height": 746
      },
      "pageOverflow": false
    },
    {
      "viewport": {
        "width": 1280,
        "height": 800
      },
      "header": {
        "x": 0,
        "y": 0,
        "width": 1280,
        "height": 64
      },
      "stage": {
        "x": 280,
        "y": 124,
        "width": 696,
        "height": 646
      },
      "left": {
        "x": 0,
        "y": 124,
        "width": 280,
        "height": 646
      },
      "right": {
        "x": 976,
        "y": 124,
        "width": 304,
        "height": 646
      },
      "pageOverflow": false
    },
    {
      "viewport": {
        "width": 1024,
        "height": 768
      },
      "header": {
        "x": 0,
        "y": 0,
        "width": 1024,
        "height": 64
      },
      "stage": {
        "x": 280,
        "y": 124,
        "width": 744,
        "height": 614
      },
      "left": {
        "x": 0,
        "y": 124,
        "width": 280,
        "height": 614
      },
      "right": {
        "x": 720,
        "y": 124,
        "width": 304,
        "height": 614
      },
      "pageOverflow": false
    },
    {
      "viewport": {
        "width": 1440,
        "height": 900
      },
      "header": {
        "x": 0,
        "y": 0,
        "width": 1440,
        "height": 64
      },
      "stage": {
        "x": 280,
        "y": 124,
        "width": 856,
        "height": 746
      },
      "left": {
        "x": 0,
        "y": 124,
        "width": 280,
        "height": 746
      },
      "right": {
        "x": 1136,
        "y": 124,
        "width": 304,
        "height": 746
      },
      "pageOverflow": false
    }
  ],
  "roomListBefore3d": 2,
  "roomListAfter3d": 2,
  "fileMenuClosesWithEscape": true,
  "draftBeforeLanguageChange": "61 inx",
  "draftAfterLanguageChange": "61 inx",
  "fixture": "baseline-project.json"
}
