PASS source A1 PDF rendered and calibrated using dimensioned exterior corners
ROOM Bedroom 1
ROOM Bath
ROOM Kitchen
ROOM Dining
ROOM Bedroom 1 closet
ROOM Bedroom 2 closet
ROOM Bedroom 2
ROOM Laundry
ROOM Hall north
ROOM Hall middle
ROOM Hall east
ROOM Hall south
ROOM Bedroom 3 closet
ROOM Bedroom 3
ROOM Living / entry
PASS every source room, closet, laundry and circulation zone created through room forms
OPENING entry
OPENING bed1-door
OPENING bed2-door
OPENING bed3-door
OPENING bath-door
OPENING laundry-door
OPENING closet1-door
OPENING closet2-door
OPENING closet3-door
OPENING bath-top
OPENING dining-top
OPENING dining-right
OPENING bed1-left
OPENING bed2-left
OPENING bed3-bottom
OPENING living-bottom
OPENING living-right
PASS all scheduled swing/sliding/bifold doors and windows created through opening forms
PASS independent source outline, net areas, full opening inventory and walkable connection of every space passed
PASS door mode edit, passage symbol, conditional fields and exact undo/redo passed
PASS actual JSON download, refresh and import preserve full geometry, fixtures and calibrated reference
PASS full house WebGL and 3D PNG export passed
PASS real print-preview page and PDF generated with net and footprint area
PASS 390px mobile opening controls reachable without dialog overflow
